Scenario status: OK
========================================================================================================================
Run name: without app

Summary run status                                                     OK
                 
Artifacts dir                                                          2026-09-22_16-34-33 
OS                                                                     Linux               
DC Apps Performance Toolkit version                                    8.10.4 (OK: Toolkit is up to date)
Application                                                            jira 11.3.1         
Dataset info                                                           1053410 issues      
Application nodes count                                                1                   
Available Processors                                                   6                   
Deployment                                                             terraform           
Concurrency                                                            200                 
Expected test run duration from yml file                               2700 sec            
Actual test run duration                                               2897 sec            
Finished                                                               (True, 'OK')        
Compliant                                                              (True, 'OK')        
Success                                                                (True, 'OK')        
Has app-specific actions                                               False               
Applications count                                                     270                 
Custom applications count                                              0                   
Custom applications count enabled                                      0                   

Action                                                                Success Rate        90th Percentile     Status              
jmeter_login_and_view_dashboard                                        100.0               0.86                OK                  
jmeter_view_dashboard                                                  100.0               0.32                OK                  
jmeter_create_issue:open_quick_create                                  100.0               0.13                OK                  
jmeter_view_issue                                                      100.0               0.51                OK                  
jmeter_view_scrum_board                                                100.0               0.45                OK                  
jmeter_view_backlog                                                    100.0               0.63                OK                  
jmeter_create_issue:fill_and_submit_issue_form                         100.0               0.53                OK                  
jmeter_view_kanban_board                                               100.0               0.41                OK                  
jmeter_search_jql                                                      100.0               1.04                OK                  
jmeter_browse_projects                                                 100.0               0.19                OK                  
jmeter_edit_issue:open_editor                                          100.0               0.28                OK                  
jmeter_view_project_summary                                            100.0               0.3                 OK                  
jmeter_edit_issue:save_edit                                            100.0               0.73                OK                  
jmeter_add_comment:open_comment                                        100.0               0.2                 OK                  
jmeter_add_comment:save_comment                                        100.0               0.69                OK                  
jmeter_browse_boards                                                   100.0               0.24                OK                  
selenium_login:open_login_page                                         100.0               1.2                 OK                  
selenium_login:login_and_view_dashboard                                100.0               1.69                OK                  
selenium_login                                                         100.0               2.91                OK                  
selenium_project_summary                                               100.0               0.4                 OK                  
selenium_browse_projects_list                                          100.0               0.3                 OK                  
selenium_browse_boards_list                                            100.0               0.73                OK                  
selenium_create_issue:open_quick_create                                100.0               0.81                OK                  
selenium_create_issue:fill_and_submit_issue_form:submit_issue_form     100.0               0.7                 OK                  
selenium_create_issue:fill_and_submit_issue_form                       100.0               1.35                OK                  
selenium_create_issue                                                  100.0               2.12                OK                  
selenium_edit_issue:open_edit_issue_form                               100.0               0.5                 OK                  
selenium_edit_issue:save_edit_issue_form                               100.0               0.86                OK                  
selenium_edit_issue                                                    100.0               1.98                OK                  
selenium_save_comment:open_comment_form                                100.0               0.28                OK                  
selenium_save_comment:submit_form                                      100.0               0.8                 OK                  
selenium_save_comment                                                  100.0               1.72                OK                  
selenium_search_jql                                                    100.0               1.5                 OK                  
selenium_view_scrum_board_backlog                                      100.0               1.16                OK                  
selenium_view_scrum_board                                              100.0               0.92                OK                  
selenium_view_kanban_board                                             100.0               1.11                OK                  
selenium_view_dashboard                                                100.0               0.3                 OK                  
selenium_view_issue                                                    100.0               0.51                OK                  
selenium_log_out                                                       100.0               0.41                OK                  

========================================================================================================================
Run name: with app

Summary run status                                                     OK
                 
Artifacts dir                                                          2026-09-22_18-35-52 
OS                                                                     Linux               
DC Apps Performance Toolkit version                                    8.10.4 (OK: Toolkit is up to date)
Application                                                            jira 11.3.1         
Dataset info                                                           1055295 issues      
Application nodes count                                                1                   
Available Processors                                                   6                   
Deployment                                                             terraform           
Concurrency                                                            200                 
Expected test run duration from yml file                               2700 sec            
Actual test run duration                                               2898 sec            
Finished                                                               (True, 'OK')        
Compliant                                                              (True, 'OK')        
Success                                                                (True, 'OK')        
Has app-specific actions                                               False               
Applications count                                                     271                 
Custom applications count                                              1                   
Custom applications count enabled                                      1                   

Action                                                                Success Rate        90th Percentile     Status              
jmeter_login_and_view_dashboard                                        100.0               0.65                OK                  
jmeter_view_issue                                                      100.0               0.39                OK                  
jmeter_view_dashboard                                                  100.0               0.26                OK                  
jmeter_search_jql                                                      100.0               0.87                OK                  
jmeter_view_scrum_board                                                100.0               0.36                OK                  
jmeter_view_backlog                                                    100.0               0.55                OK                  
jmeter_create_issue:open_quick_create                                  100.0               0.11                OK                  
jmeter_create_issue:fill_and_submit_issue_form                         100.0               0.47                OK                  
jmeter_browse_projects                                                 100.0               0.15                OK                  
jmeter_view_kanban_board                                               100.0               0.34                OK                  
jmeter_edit_issue:open_editor                                          100.0               0.21                OK                  
jmeter_edit_issue:save_edit                                            100.0               0.62                OK                  
jmeter_view_project_summary                                            100.0               0.23                OK                  
jmeter_add_comment:open_comment                                        100.0               0.17                OK                  
jmeter_add_comment:save_comment                                        100.0               0.59                OK                  
jmeter_browse_boards                                                   100.0               0.15                OK                  
selenium_login:open_login_page                                         100.0               1.2                 OK                  
selenium_login:login_and_view_dashboard                                100.0               1.55                OK                  
selenium_login                                                         100.0               2.75                OK                  
selenium_project_summary                                               100.0               0.39                OK                  
selenium_browse_projects_list                                          100.0               0.29                OK                  
selenium_browse_boards_list                                            100.0               0.33                OK                  
selenium_create_issue:open_quick_create                                100.0               0.82                OK                  
selenium_create_issue:fill_and_submit_issue_form:submit_issue_form     100.0               0.71                OK                  
selenium_create_issue:fill_and_submit_issue_form                       100.0               1.37                OK                  
selenium_create_issue                                                  100.0               2.15                OK                  
selenium_edit_issue:open_edit_issue_form                               100.0               0.48                OK                  
selenium_edit_issue:save_edit_issue_form                               100.0               0.81                OK                  
selenium_edit_issue                                                    100.0               1.93                OK                  
selenium_save_comment:open_comment_form                                100.0               0.27                OK                  
selenium_save_comment:submit_form                                      100.0               0.73                OK                  
selenium_save_comment                                                  100.0               1.65                OK                  
selenium_search_jql                                                    100.0               1.63                OK                  
selenium_view_scrum_board_backlog                                      100.0               1.17                OK                  
selenium_view_scrum_board                                              100.0               0.95                OK                  
selenium_view_kanban_board                                             100.0               1.16                OK                  
selenium_view_dashboard                                                100.0               0.27                OK                  
selenium_view_issue                                                    100.0               0.51                OK                  
selenium_log_out                                                       100.0               0.4                 OK                  

========================================================================================================================
