Scenario status: OK
========================================================================================================================
Run name: 1 Node

Summary run status                                                     OK
                 
Artifacts dir                                                          2026-09-22_19-37-55 
OS                                                                     Linux               
DC Apps Performance Toolkit version                                    8.10.4 (OK: Toolkit is up to date)
Application                                                            jira 11.3.1         
Dataset info                                                           1057181 issues      
Application nodes count                                                1                   
Available Processors                                                   6                   
Deployment                                                             terraform           
Concurrency                                                            200                 
Expected test run duration from yml file                               2700 sec            
Actual test run duration                                               2897 sec            
Finished                                                               (True, 'OK')        
Compliant                                                              (True, 'OK')        
Success                                                                (True, 'OK')        
Has app-specific actions                                               True                
Applications count                                                     271                 
Custom applications count                                              1                   
Custom applications count enabled                                      1                   

Action                                                                Success Rate        90th Percentile     Status              
jmeter_login_and_view_dashboard                                        100.0               0.53                OK                  
jmeter_view_issue                                                      100.0               0.39                OK                  
jmeter_search_jql                                                      100.0               0.88                OK                  
jmeter_view_dashboard                                                  100.0               0.26                OK                  
jmeter_view_scrum_board                                                100.0               0.36                OK                  
jmeter_view_backlog                                                    100.0               0.55                OK                  
jmeter_create_issue:open_quick_create                                  100.0               0.1                 OK                  
jmeter_create_issue:fill_and_submit_issue_form                         100.0               0.45                OK                  
jmeter_view_kanban_board                                               100.0               0.36                OK                  
jmeter_browse_projects                                                 100.0               0.16                OK                  
jmeter_edit_issue:open_editor                                          100.0               0.21                OK                  
jmeter_edit_issue:save_edit                                            100.0               0.65                OK                  
jmeter_view_project_summary                                            100.0               0.24                OK                  
jmeter_add_comment:open_comment                                        100.0               0.16                OK                  
jmeter_add_comment:save_comment                                        100.0               0.58                OK                  
jmeter_browse_boards                                                   100.0               0.17                OK                  
selenium_login:open_login_page                                         100.0               1.18                OK                  
selenium_login:login_and_view_dashboard                                100.0               1.28                OK                  
selenium_login                                                         100.0               2.48                OK                  
selenium_project_summary                                               100.0               0.42                OK                  
selenium_browse_projects_list                                          100.0               0.32                OK                  
selenium_browse_boards_list                                            100.0               0.27                OK                  
selenium_create_issue:open_quick_create                                100.0               0.84                OK                  
selenium_create_issue:fill_and_submit_issue_form:submit_issue_form     100.0               0.7                 OK                  
selenium_create_issue:fill_and_submit_issue_form                       100.0               1.41                OK                  
selenium_create_issue                                                  100.0               2.19                OK                  
selenium_edit_issue:open_edit_issue_form                               100.0               0.51                OK                  
selenium_edit_issue:save_edit_issue_form                               100.0               0.82                OK                  
selenium_edit_issue                                                    100.0               1.93                OK                  
selenium_save_comment:open_comment_form                                100.0               0.27                OK                  
selenium_save_comment:submit_form                                      100.0               0.72                OK                  
selenium_save_comment                                                  100.0               1.68                OK                  
selenium_search_jql                                                    100.0               1.52                OK                  
selenium_view_scrum_board_backlog                                      100.0               1.17                OK                  
selenium_view_scrum_board                                              100.0               0.95                OK                  
selenium_view_kanban_board                                             100.0               1.2                 OK                  
selenium_view_dashboard                                                100.0               0.29                OK                  
selenium_view_issue                                                    100.0               0.49                OK                  
selenium_log_out                                                       100.0               0.41                OK                  
selenium_app_custom_action:open_dialog                                 100.0               0.24                OK                  APP-SPECIFIC        
selenium_app_custom_action                                             100.0               0.24                OK                  APP-SPECIFIC        

========================================================================================================================
Run name: 2 Nodes

Summary run status                                                     OK
                 
Artifacts dir                                                          2026-09-22_20-39-50 
OS                                                                     Linux               
DC Apps Performance Toolkit version                                    8.10.4 (OK: Toolkit is up to date)
Application                                                            jira 11.3.1         
Dataset info                                                           1059069 issues      
Application nodes count                                                2                   
Available Processors                                                   6                   
Deployment                                                             terraform           
Concurrency                                                            200                 
Expected test run duration from yml file                               2700 sec            
Actual test run duration                                               2897 sec            
Finished                                                               (True, 'OK')        
Compliant                                                              (True, 'OK')        
Success                                                                (True, 'OK')        
Has app-specific actions                                               True                
Applications count                                                     271                 
Custom applications count                                              1                   
Custom applications count enabled                                      1                   

Action                                                                Success Rate        90th Percentile     Status              
jmeter_login_and_view_dashboard                                        100.0               0.6                 OK                  
jmeter_view_issue                                                      100.0               0.33                OK                  
jmeter_search_jql                                                      100.0               0.72                OK                  
jmeter_view_dashboard                                                  100.0               0.21                OK                  
jmeter_view_scrum_board                                                100.0               0.29                OK                  
jmeter_view_backlog                                                    100.0               0.43                OK                  
jmeter_create_issue:open_quick_create                                  100.0               0.1                 OK                  
jmeter_create_issue:fill_and_submit_issue_form                         100.0               0.38                OK                  
jmeter_view_kanban_board                                               100.0               0.29                OK                  
jmeter_browse_projects                                                 100.0               0.12                OK                  
jmeter_edit_issue:open_editor                                          100.0               0.18                OK                  
jmeter_edit_issue:save_edit                                            100.0               0.54                OK                  
jmeter_view_project_summary                                            100.0               0.18                OK                  
jmeter_add_comment:open_comment                                        100.0               0.14                OK                  
jmeter_add_comment:save_comment                                        100.0               0.47                OK                  
jmeter_browse_boards                                                   100.0               0.12                OK                  
selenium_login:open_login_page                                         100.0               1.18                OK                  
selenium_login:login_and_view_dashboard                                100.0               1.17                OK                  
selenium_login                                                         100.0               2.36                OK                  
selenium_project_summary                                               100.0               0.42                OK                  
selenium_browse_projects_list                                          100.0               0.3                 OK                  
selenium_browse_boards_list                                            100.0               0.25                OK                  
selenium_create_issue:open_quick_create                                100.0               0.84                OK                  
selenium_create_issue:fill_and_submit_issue_form:submit_issue_form     100.0               0.7                 OK                  
selenium_create_issue:fill_and_submit_issue_form                       100.0               1.38                OK                  
selenium_create_issue                                                  100.0               2.14                OK                  
selenium_edit_issue:open_edit_issue_form                               100.0               0.47                OK                  
selenium_edit_issue:save_edit_issue_form                               100.0               0.72                OK                  
selenium_edit_issue                                                    100.0               1.84                OK                  
selenium_save_comment:open_comment_form                                100.0               0.27                OK                  
selenium_save_comment:submit_form                                      100.0               0.69                OK                  
selenium_save_comment                                                  100.0               1.67                OK                  
selenium_search_jql                                                    100.0               1.66                OK                  
selenium_view_scrum_board_backlog                                      100.0               1.17                OK                  
selenium_view_scrum_board                                              100.0               0.96                OK                  
selenium_view_kanban_board                                             100.0               1.21                OK                  
selenium_view_dashboard                                                100.0               0.28                OK                  
selenium_view_issue                                                    100.0               0.49                OK                  
selenium_log_out                                                       100.0               0.38                OK                  
selenium_app_custom_action:open_dialog                                 100.0               0.23                OK                  APP-SPECIFIC        
selenium_app_custom_action                                             100.0               0.23                OK                  APP-SPECIFIC        

========================================================================================================================
Run name: 4 Nodes

Summary run status                                                     OK
                 
Artifacts dir                                                          2026-09-22_21-43-00 
OS                                                                     Linux               
DC Apps Performance Toolkit version                                    8.10.4 (OK: Toolkit is up to date)
Application                                                            jira 11.3.1         
Dataset info                                                           1060962 issues      
Application nodes count                                                4                   
Available Processors                                                   6                   
Deployment                                                             terraform           
Concurrency                                                            200                 
Expected test run duration from yml file                               2700 sec            
Actual test run duration                                               2897 sec            
Finished                                                               (True, 'OK')        
Compliant                                                              (True, 'OK')        
Success                                                                (True, 'OK')        
Has app-specific actions                                               True                
Applications count                                                     271                 
Custom applications count                                              1                   
Custom applications count enabled                                      1                   

Action                                                                Success Rate        90th Percentile     Status              
jmeter_login_and_view_dashboard                                        100.0               0.61                OK                  
jmeter_view_issue                                                      100.0               0.3                 OK                  
jmeter_search_jql                                                      100.0               0.67                OK                  
jmeter_view_dashboard                                                  100.0               0.2                 OK                  
jmeter_view_scrum_board                                                100.0               0.26                OK                  
jmeter_create_issue:open_quick_create                                  100.0               0.11                OK                  
jmeter_view_backlog                                                    100.0               0.42                OK                  
jmeter_create_issue:fill_and_submit_issue_form                         100.0               0.35                OK                  
jmeter_view_kanban_board                                               100.0               0.26                OK                  
jmeter_browse_projects                                                 100.0               0.12                OK                  
jmeter_view_project_summary                                            100.0               0.18                OK                  
jmeter_edit_issue:open_editor                                          100.0               0.17                OK                  
jmeter_edit_issue:save_edit                                            100.0               0.45                OK                  
jmeter_add_comment:open_comment                                        100.0               0.13                OK                  
jmeter_add_comment:save_comment                                        100.0               0.43                OK                  
jmeter_browse_boards                                                   100.0               0.12                OK                  
selenium_login:open_login_page                                         100.0               1.17                OK                  
selenium_login:login_and_view_dashboard                                100.0               1.14                OK                  
selenium_login                                                         100.0               2.31                OK                  
selenium_project_summary                                               100.0               0.41                OK                  
selenium_browse_projects_list                                          100.0               0.29                OK                  
selenium_browse_boards_list                                            100.0               0.3                 OK                  
selenium_create_issue:open_quick_create                                100.0               0.81                OK                  
selenium_create_issue:fill_and_submit_issue_form:submit_issue_form     100.0               0.71                OK                  
selenium_create_issue:fill_and_submit_issue_form                       100.0               1.33                OK                  
selenium_create_issue                                                  100.0               2.1                 OK                  
selenium_edit_issue:open_edit_issue_form                               100.0               0.46                OK                  
selenium_edit_issue:save_edit_issue_form                               100.0               0.7                 OK                  
selenium_edit_issue                                                    100.0               1.8                 OK                  
selenium_save_comment:open_comment_form                                100.0               0.26                OK                  
selenium_save_comment:submit_form                                      100.0               0.67                OK                  
selenium_save_comment                                                  100.0               1.62                OK                  
selenium_search_jql                                                    100.0               1.43                OK                  
selenium_view_scrum_board_backlog                                      100.0               1.12                OK                  
selenium_view_scrum_board                                              100.0               0.94                OK                  
selenium_view_kanban_board                                             100.0               1.17                OK                  
selenium_view_dashboard                                                100.0               0.27                OK                  
selenium_view_issue                                                    100.0               0.46                OK                  
selenium_log_out                                                       100.0               0.4                 OK                  
selenium_app_custom_action:open_dialog                                 100.0               0.22                OK                  APP-SPECIFIC        
selenium_app_custom_action                                             100.0               0.22                OK                  APP-SPECIFIC        

========================================================================================================================
